../Drivers/STM32WBxx_HAL_Driver/Inc/stm32wbxx_ll_rcc.h:1666:22:LL_RCC_LSE_SetDriveCapability	16	static
../Drivers/STM32WBxx_HAL_Driver/Inc/stm32wbxx_ll_bus.h:539:22:LL_AHB2_GRP1_EnableClock	24	static
../Core/Src/main.c:72:5:main	8	static
../Core/Src/main.c:120:6:SystemClock_Config	112	static
../Core/Src/main.c:186:6:PeriphCommonClock_Config	88	static
../Core/Src/main.c:210:13:MX_TIM2_Init	40	static
../Core/Src/main.c:255:13:MX_USART1_UART_Init	8	static
../Core/Src/main.c:303:13:MX_USB_PCD_Init	8	static
../Core/Src/main.c:336:13:MX_GPIO_Init	32	static
../Core/Src/main.c:372:6:HAL_TIM_PeriodElapsedCallback	16	static
../Core/Src/main.c:400:6:Error_Handler	4	static,ignoring_inline_asm
