../Core/Src/console.c:39:17:ConsoleCommandMatch	24	static
../Core/Src/console.c:72:17:ConsoleResetBuffer	32	static
../Core/Src/console.c:92:16:ConsoleCommandEndline	24	static
../Core/Src/console.c:111:6:ConsoleInit	16	static
../Core/Src/console.c:131:6:ConsoleProcess	32	static
../Core/Src/console.c:194:25:ConsoleParamFindN	40	static
../Core/Src/console.c:224:18:ConsoleReceiveParamInt16	48	static
../Core/Src/console.c:259:18:ConsoleReceiveParamHexUint16	48	static
../Core/Src/console.c:297:18:ConsoleSendParamHexUint16	32	static
../Core/Src/console.c:318:18:ConsoleSendParamHexUint8	24	static
../Core/Src/console.c:343:13:smallItoa	40	static
../Core/Src/console.c:380:18:ConsoleSendParamInt16	24	static
../Core/Src/console.c:394:18:ConsoleSendParamInt32	32	static
../Core/Src/console.c:406:25:ConsoleUtilHexCharToInt	24	static
../Core/Src/console.c:437:25:ConsoleUtilsIntToHexChar	24	static
../Core/Src/console.c:463:18:ConsoleSendString	16	static
../Core/Src/console.c:471:18:ConsoleSendLine	16	static
